// Jest Snapshot v1, https://goo.gl/fbAQLP

exports[`ThemedView renders correctly with default background color 1`] = `
<View
  style={
    [
      {
        "backgroundColor": "black",
      },
      undefined,
    ]
  }
/>
`;
